Archive member included to satisfy reference by file (symbol)

c:/program files (x86)/gnu arm embedded toolchain/10 2021.10/bin/../lib/gcc/arm-none-eabi/10.3.1/../../../../arm-none-eabi/lib/thumb/v7-m/nofp\libc_nano.a(lib_a-exit.o)
                              c:/program files (x86)/gnu arm embedded toolchain/10 2021.10/bin/../lib/gcc/arm-none-eabi/10.3.1/../../../../arm-none-eabi/lib/thumb/v7-m/nofp/crt0.o (exit)
c:/program files (x86)/gnu arm embedded toolchain/10 2021.10/bin/../lib/gcc/arm-none-eabi/10.3.1/../../../../arm-none-eabi/lib/thumb/v7-m/nofp\libc_nano.a(lib_a-impure.o)
                              c:/program files (x86)/gnu arm embedded toolchain/10 2021.10/bin/../lib/gcc/arm-none-eabi/10.3.1/../../../../arm-none-eabi/lib/thumb/v7-m/nofp\libc_nano.a(lib_a-exit.o) (_global_impure_ptr)
c:/program files (x86)/gnu arm embedded toolchain/10 2021.10/bin/../lib/gcc/arm-none-eabi/10.3.1/../../../../arm-none-eabi/lib/thumb/v7-m/nofp\libc_nano.a(lib_a-init.o)
                              c:/program files (x86)/gnu arm embedded toolchain/10 2021.10/bin/../lib/gcc/arm-none-eabi/10.3.1/../../../../arm-none-eabi/lib/thumb/v7-m/nofp/crt0.o (__libc_init_array)
c:/program files (x86)/gnu arm embedded toolchain/10 2021.10/bin/../lib/gcc/arm-none-eabi/10.3.1/../../../../arm-none-eabi/lib/thumb/v7-m/nofp\libc_nano.a(lib_a-memcpy-stub.o)
                              ROM_RUN/stm32f10x_vector.o (memcpy)
c:/program files (x86)/gnu arm embedded toolchain/10 2021.10/bin/../lib/gcc/arm-none-eabi/10.3.1/../../../../arm-none-eabi/lib/thumb/v7-m/nofp\libc_nano.a(lib_a-memset.o)
                              c:/program files (x86)/gnu arm embedded toolchain/10 2021.10/bin/../lib/gcc/arm-none-eabi/10.3.1/../../../../arm-none-eabi/lib/thumb/v7-m/nofp/crt0.o (memset)
c:/program files (x86)/gnu arm embedded toolchain/10 2021.10/bin/../lib/gcc/arm-none-eabi/10.3.1/../../../../arm-none-eabi/lib/thumb/v7-m/nofp\libm.a(lib_a-w_log.o)
                              ROM_RUN/BLDC.o (log)
c:/program files (x86)/gnu arm embedded toolchain/10 2021.10/bin/../lib/gcc/arm-none-eabi/10.3.1/../../../../arm-none-eabi/lib/thumb/v7-m/nofp\libm.a(lib_a-e_log.o)
                              c:/program files (x86)/gnu arm embedded toolchain/10 2021.10/bin/../lib/gcc/arm-none-eabi/10.3.1/../../../../arm-none-eabi/lib/thumb/v7-m/nofp\libm.a(lib_a-w_log.o) (__ieee754_log)
c:/program files (x86)/gnu arm embedded toolchain/10 2021.10/bin/../lib/gcc/arm-none-eabi/10.3.1/../../../../arm-none-eabi/lib/thumb/v7-m/nofp\libm.a(lib_a-s_nan.o)
                              c:/program files (x86)/gnu arm embedded toolchain/10 2021.10/bin/../lib/gcc/arm-none-eabi/10.3.1/../../../../arm-none-eabi/lib/thumb/v7-m/nofp\libm.a(lib_a-w_log.o) (nan)
c:/program files (x86)/gnu arm embedded toolchain/10 2021.10/bin/../lib/gcc/arm-none-eabi/10.3.1/../../../../arm-none-eabi/lib/thumb/v7-m/nofp\libc_nano.a(lib_a-errno.o)
                              c:/program files (x86)/gnu arm embedded toolchain/10 2021.10/bin/../lib/gcc/arm-none-eabi/10.3.1/../../../../arm-none-eabi/lib/thumb/v7-m/nofp\libm.a(lib_a-w_log.o) (__errno)
c:/program files (x86)/gnu arm embedded toolchain/10 2021.10/bin/../lib/gcc/arm-none-eabi/10.3.1/thumb/v7-m/nofp\libgcc.a(_arm_muldf3.o)
                              ROM_RUN/BLDC.o (__aeabi_dmul)
c:/program files (x86)/gnu arm embedded toolchain/10 2021.10/bin/../lib/gcc/arm-none-eabi/10.3.1/thumb/v7-m/nofp\libgcc.a(_arm_addsubdf3.o)
                              ROM_RUN/BLDC.o (__aeabi_dsub)
c:/program files (x86)/gnu arm embedded toolchain/10 2021.10/bin/../lib/gcc/arm-none-eabi/10.3.1/thumb/v7-m/nofp\libgcc.a(_arm_muldivdf3.o)
                              ROM_RUN/BLDC.o (__aeabi_ddiv)
c:/program files (x86)/gnu arm embedded toolchain/10 2021.10/bin/../lib/gcc/arm-none-eabi/10.3.1/thumb/v7-m/nofp\libgcc.a(_arm_cmpdf2.o)
                              c:/program files (x86)/gnu arm embedded toolchain/10 2021.10/bin/../lib/gcc/arm-none-eabi/10.3.1/../../../../arm-none-eabi/lib/thumb/v7-m/nofp\libm.a(lib_a-w_log.o) (__aeabi_dcmpeq)
c:/program files (x86)/gnu arm embedded toolchain/10 2021.10/bin/../lib/gcc/arm-none-eabi/10.3.1/thumb/v7-m/nofp\libgcc.a(_arm_unorddf2.o)
                              c:/program files (x86)/gnu arm embedded toolchain/10 2021.10/bin/../lib/gcc/arm-none-eabi/10.3.1/../../../../arm-none-eabi/lib/thumb/v7-m/nofp\libm.a(lib_a-w_log.o) (__aeabi_dcmpun)
c:/program files (x86)/gnu arm embedded toolchain/10 2021.10/bin/../lib/gcc/arm-none-eabi/10.3.1/thumb/v7-m/nofp\libgcc.a(_arm_truncdfsf2.o)
                              ROM_RUN/BLDC.o (__aeabi_d2f)
c:/program files (x86)/gnu arm embedded toolchain/10 2021.10/bin/../lib/gcc/arm-none-eabi/10.3.1/thumb/v7-m/nofp\libgcc.a(_arm_addsubsf3.o)
                              ROM_RUN/Sensor.o (__aeabi_fsub)
c:/program files (x86)/gnu arm embedded toolchain/10 2021.10/bin/../lib/gcc/arm-none-eabi/10.3.1/thumb/v7-m/nofp\libgcc.a(_arm_cmpsf2.o)
[...]
Memory Configuration

Name             Origin             Length             Attributes
RAM              0x20000000         0x00005000         xrw
FLASH            0x08000000         0x00020000         xr
FLASHB1          0x00000000         0x00000000         xr
EXTMEMB0         0x00000000         0x00000000         xr
EXTMEMB1         0x00000000         0x00000000         xr
EXTMEMB2         0x00000000         0x00000000         xr
EXTMEMB3         0x00000000         0x00000000         xr
*default*        0x00000000         0xffffffff

Linker script and memory map

LOAD c:/program files (x86)/gnu arm embedded toolchain/10 2021.10/bin/../lib/gcc/arm-none-eabi/10.3.1/thumb/v7-m/nofp/crti.o
LOAD c:/program files (x86)/gnu arm embedded toolchain/10 2021.10/bin/../lib/gcc/arm-none-eabi/10.3.1/thumb/v7-m/nofp/crtbegin.o
LOAD c:/program files (x86)/gnu arm embedded toolchain/10 2021.10/bin/../lib/gcc/arm-none-eabi/10.3.1/../../../../arm-none-eabi/lib/thumb/v7-m/nofp/crt0.o
LOAD ROM_RUN/cortexm3_macro.o
LOAD ROM_RUN/stm32f10x_bkp.o
LOAD ROM_RUN/stm32f10x_can.o
LOAD ROM_RUN/stm32f10x_flash.o
LOAD ROM_RUN/stm32f10x_exti.o
LOAD ROM_RUN/stm32f10x_adc.o
LOAD ROM_RUN/stm32f10x_dma.o
LOAD ROM_RUN/stm32f10x_gpio.o
LOAD ROM_RUN/stm32f10x_nvic.o
LOAD ROM_RUN/stm32f10x_pwr.o
LOAD ROM_RUN/stm32f10x_rcc.o
LOAD ROM_RUN/stm32f10x_tim.o
LOAD ROM_RUN/stm32f10x_usart.o
LOAD ROM_RUN/stm32f10x_spi.o
LOAD ROM_RUN/stm32f10x_i2c.o
LOAD ROM_RUN/stm32f10x_systick.o
LOAD ROM_RUN/stm32f10x_it.o
LOAD ROM_RUN/stm32f10x_vector.o
LOAD ROM_RUN/TMC4671-LEV-REF_v1.0.o
LOAD ROM_RUN/CAN.o
LOAD ROM_RUN/SPI.o
LOAD ROM_RUN/UART.o
LOAD ROM_RUN/Eeprom.o
LOAD ROM_RUN/LIS2DH12.o
LOAD ROM_RUN/Cpu.o
LOAD ROM_RUN/IO.o
LOAD ROM_RUN/SystemInfo.o
LOAD ROM_RUN/Systick.o
LOAD ROM_RUN/Flags.o
LOAD ROM_RUN/Debug.o
LOAD ROM_RUN/TMCL.o
LOAD ROM_RUN/BLDC.o
LOAD ROM_RUN/Sensor.o
LOAD ROM_RUN/Button.o
LOAD ROM_RUN/Led.o
LOAD ROM_RUN/LedRear.o
LOAD ROM_RUN/main.o
LOAD ROM_RUN/Functions.o
LOAD ROM_RUN/LinearRamp.o
LOAD ROM_RUN/TMC4671.o
LOAD ROM_RUN/TMC6200.o
LOAD c:/program files (x86)/gnu arm embedded toolchain/10 2021.10/bin/../lib/gcc/arm-none-eabi/10.3.1/../../../../arm-none-eabi/lib/thumb/v7-m/nofp\libc_nano.a
LOAD c:/program files (x86)/gnu arm embedded toolchain/10 2021.10/bin/../lib/gcc/arm-none-eabi/10.3.1/../../../../arm-none-eabi/lib/thumb/v7-m/nofp\libm.a
LOAD c:/program files (x86)/gnu arm embedded toolchain/10 2021.10/bin/../lib/gcc/arm-none-eabi/10.3.1/../../../../arm-none-eabi/lib/thumb/v7-m/nofp\libc_nano.a
LOAD c:/program files (x86)/gnu arm embedded toolchain/10 2021.10/bin/../lib/gcc/arm-none-eabi/10.3.1/thumb/v7-m/nofp\libgcc.a
START GROUP
LOAD c:/program files (x86)/gnu arm embedded toolchain/10 2021.10/bin/../lib/gcc/arm-none-eabi/10.3.1/thumb/v7-m/nofp\libgcc.a
LOAD c:/program files (x86)/gnu arm embedded toolchain/10 2021.10/bin/../lib/gcc/arm-none-eabi/10.3.1/../../../../arm-none-eabi/lib/thumb/v7-m/nofp\libg_nano.a
LOAD c:/program files (x86)/gnu arm embedded toolchain/10 2021.10/bin/../lib/gcc/arm-none-eabi/10.3.1/../../../../arm-none-eabi/lib/thumb/v7-m/nofp\libc_nano.a
END GROUP
START GROUP
LOAD c:/program files (x86)/gnu arm embedded toolchain/10 2021.10/bin/../lib/gcc/arm-none-eabi/10.3.1/thumb/v7-m/nofp\libgcc.a
LOAD c:/program files (x86)/gnu arm embedded toolchain/10 2021.10/bin/../lib/gcc/arm-none-eabi/10.3.1/../../../../arm-none-eabi/lib/thumb/v7-m/nofp\libc_nano.a
LOAD c:/program files (x86)/gnu arm embedded toolchain/10 2021.10/bin/../lib/gcc/arm-none-eabi/10.3.1/../../../../arm-none-eabi/lib/thumb/v7-m/nofp\libnosys.a
END GROUP
START GROUP
LOAD c:/program files (x86)/gnu arm embedded toolchain/10 2021.10/bin/../lib/gcc/arm-none-eabi/10.3.1/thumb/v7-m/nofp\libgcc.a
LOAD c:/program files (x86)/gnu arm embedded toolchain/10 2021.10/bin/../lib/gcc/arm-none-eabi/10.3.1/../../../../arm-none-eabi/lib/thumb/v7-m/nofp\libc_nano.a
LOAD c:/program files (x86)/gnu arm embedded toolchain/10 2021.10/bin/../lib/gcc/arm-none-eabi/10.3.1/../../../../arm-none-eabi/lib/thumb/v7-m/nofp\libnosys.a
END GROUP
LOAD c:/program files (x86)/gnu arm embedded toolchain/10 2021.10/bin/../lib/gcc/arm-none-eabi/10.3.1/thumb/v7-m/nofp/crtend.o
LOAD c:/program files (x86)/gnu arm embedded toolchain/10 2021.10/bin/../lib/gcc/arm-none-eabi/10.3.1/thumb/v7-m/nofp/crtn.o
                0x00000400                __Stack_Size = 0x400
                [!provide]                PROVIDE (_Stack_Size = __Stack_Size)
                0x20004c00                __Stack_Init = (_estack - __Stack_Size)
                [!provide]                PROVIDE (_Stack_Init = __Stack_Init)
                0x00000100                _Minimum_Stack_Size = 0x100
                [!provide]                PROVIDE (Undefined_Handler = 0x0)
                [!provide]                PROVIDE (SWI_Handler = 0x0)
                [!provide]                PROVIDE (IRQ_Handler = 0x0)
                [!provide]                PROVIDE (Prefetch_Handler = 0x0)
                [!provide]                PROVIDE (Abort_Handler = 0x0)
                [!provide]                PROVIDE (FIQ_Handler = 0x0)
                [!provide]                PROVIDE (NMIException = 0x0)
                [!provide]                PROVIDE (HardFaultException = 0x0)
                [!provide]                PROVIDE (MemManageException = 0x0)
                [!provide]                PROVIDE (BusFaultException = 0x0)
                [!provide]                PROVIDE (UsageFaultException = 0x0)
                [!provide]                PROVIDE (SVCHandler = 0x0)
                [!provide]                PROVIDE (DebugMonitor = 0x0)
                [!provide]                PROVIDE (PendSVC = 0x0)
                [!provide]                PROVIDE (SysTickHandler = 0x0)
                [!provide]                PROVIDE (WWDG_IRQHandler = 0x0)
                [!provide]                PROVIDE (PVD_IRQHandler = 0x0)
                [!provide]                PROVIDE (TAMPER_IRQHandler = 0x0)
                [!provide]                PROVIDE (RTC_IRQHandler = 0x0)
                [!provide]                PROVIDE (FLASH_IRQHandler = 0x0)
                [!provide]                PROVIDE (RCC_IRQHandler = 0x0)
                [!provide]                PROVIDE (EXTI0_IRQHandler = 0x0)
                [!provide]                PROVIDE (EXTI1_IRQHandler = 0x0)
                0x00000000                PROVIDE (EXTI2_IRQHandler = 0x0)
                [!provide]                PROVIDE (EXTI3_IRQHandler = 0x0)
                [!provide]                PROVIDE (EXTI4_IRQHandler = 0x0)
                0x00000000                PROVIDE (DMAChannel1_IRQHandler = 0x0)
                0x00000000                PROVIDE (DMAChannel2_IRQHandler = 0x0)
                0x00000000                PROVIDE (DMAChannel3_IRQHandler = 0x0)
                0x00000000                PROVIDE (DMAChannel4_IRQHandler = 0x0)
                0x00000000                PROVIDE (DMAChannel5_IRQHandler = 0x0)
                0x00000000                PROVIDE (DMAChannel6_IRQHandler = 0x0)
                0x00000000                PROVIDE (DMAChannel7_IRQHandler = 0x0)
                [!provide]                PROVIDE (ADC_IRQHandler = 0x0)
                [!provide]                PROVIDE (USB_HP_CAN_TX_IRQHandler = 0x0)
                [!provide]                PROVIDE (USB_LP_CAN_RX0_IRQHandler = 0x0)
                [!provide]                PROVIDE (CAN_RX1_IRQHandler = 0x0)
                [!provide]                PROVIDE (CAN_SCE_IRQHandler = 0x0)
                [!provide]                PROVIDE (EXTI9_5_IRQHandler = 0x0)
                [!provide]                PROVIDE (TIM1_BRK_IRQHandler = 0x0)
                [!provide]                PROVIDE (TIM1_UP_IRQHandler = 0x0)
                [!provide]                PROVIDE (TIM1_TRG_COM_IRQHandler = 0x0)
                0x00000000                PROVIDE (TIM1_CC_IRQHandler = 0x0)
                [!provide]                PROVIDE (TIM2_IRQHandler = 0x0)
                [!provide]                PROVIDE (TIM3_IRQHandler = 0x0)
                [!provide]                PROVIDE (TIM4_IRQHandler = 0x0)
                [!provide]                PROVIDE (I2C1_EV_IRQHandler = 0x0)
                [!provide]                PROVIDE (I2C1_ER_IRQHandler = 0x0)
                [!provide]                PROVIDE (I2C2_EV_IRQHandler = 0x0)
                [!provide]                PROVIDE (I2C2_ER_IRQHandler = 0x0)
                [!provide]                PROVIDE (SPI1_IRQHandler = 0x0)
                [!provide]                PROVIDE (SPI2_IRQHandler = 0x0)
                [!provide]                PROVIDE (USART1_IRQHandler = 0x0)
                [!provide]                PROVIDE (USART2_IRQHandler = 0x0)
                [!provide]                PROVIDE (USART3_IRQHandler = 0x0)
                [!provide]                PROVIDE (EXTI15_10_IRQHandler = 0x0)
                [!provide]                PROVIDE (RTCAlarm_IRQHandler = 0x0)
                [!provide]                PROVIDE (USBWakeUp_IRQHandler = 0x0)
                0x42000000                PERIPH_BB_BASE = 0x42000000
                0x22000000                SRAM_BB_BASE = 0x22000000
                0x20000000                SRAM_BASE = 0x20000000
                0x40000000                PERIPH_BASE = 0x40000000
                [!provide]                PROVIDE (FLASH_BASE = 0x40022000)
                [!provide]                PROVIDE (OB_BASE = 0x1ffff800)
                0x40000000                APB1PERIPH_BASE = PERIPH_BASE
                0x40010000                APB2PERIPH_BASE = (PERIPH_BASE + 0x10000)
                0x40020000                AHBPERIPH_BASE = (PERIPH_BASE + 0x20000)
                [!provide]                PROVIDE (TIM2 = (APB1PERIPH_BASE + 0x0))
                [!provide]                PROVIDE (TIM3 = (APB1PERIPH_BASE + 0x400))
                [!provide]                PROVIDE (TIM4 = (APB1PERIPH_BASE + 0x800))
                [!provide]                PROVIDE (RTC = (APB1PERIPH_BASE + 0x2800))
                [!provide]                PROVIDE (WWDG = (APB1PERIPH_BASE + 0x2c00))
                [!provide]                PROVIDE (IWDG = (APB1PERIPH_BASE + 0x3000))
                [!provide]                PROVIDE (SPI2 = (APB1PERIPH_BASE + 0x3800))
                [!provide]                PROVIDE (USART2 = (APB1PERIPH_BASE + 0x4400))
                [!provide]                PROVIDE (USART3 = (APB1PERIPH_BASE + 0x4800))
                [!provide]                PROVIDE (I2C1 = (APB1PERIPH_BASE + 0x5400))
                [!provide]                PROVIDE (I2C2 = (APB1PERIPH_BASE + 0x5800))
                [!provide]                PROVIDE (CAN = (APB1PERIPH_BASE + 0x6400))
                [!provide]                PROVIDE (BKP = (APB1PERIPH_BASE + 0x6c00))
                [!provide]                PROVIDE (PWR = (APB1PERIPH_BASE + 0x7000))
                [!provide]                PROVIDE (AFIO = (APB2PERIPH_BASE + 0x0))
                [!provide]                PROVIDE (EXTI = (APB2PERIPH_BASE + 0x400))
                [!provide]                PROVIDE (GPIOA = (APB2PERIPH_BASE + 0x800))
                [!provide]                PROVIDE (GPIOB = (APB2PERIPH_BASE + 0xc00))
                [!provide]                PROVIDE (GPIOC = (APB2PERIPH_BASE + 0x1000))
                [!provide]                PROVIDE (GPIOD = (APB2PERIPH_BASE + 0x1400))
                [!provide]                PROVIDE (GPIOE = (APB2PERIPH_BASE + 0x1800))
                [!provide]                PROVIDE (ADC1 = (APB2PERIPH_BASE + 0x2400))
                [!provide]                PROVIDE (ADC2 = (APB2PERIPH_BASE + 0x2800))
                [!provide]                PROVIDE (TIM1 = (APB2PERIPH_BASE + 0x2c00))
                [!provide]                PROVIDE (SPI1 = (APB2PERIPH_BASE + 0x3000))
                [!provide]                PROVIDE (USART1 = (APB2PERIPH_BASE + 0x3800))
                [!provide]                PROVIDE (DMA = (AHBPERIPH_BASE + 0x0))
                [!provide]                PROVIDE (DMA_Channel1 = (AHBPERIPH_BASE + 0x8))
                [!provide]                PROVIDE (DMA_Channel2 = (AHBPERIPH_BASE + 0x1c))
                [!provide]                PROVIDE (DMA_Channel3 = (AHBPERIPH_BASE + 0x30))
                [!provide]                PROVIDE (DMA_Channel4 = (AHBPERIPH_BASE + 0x44))
                [!provide]                PROVIDE (DMA_Channel5 = (AHBPERIPH_BASE + 0x58))
                [!provide]                PROVIDE (DMA_Channel6 = (AHBPERIPH_BASE + 0x6c))
                [!provide]                PROVIDE (DMA_Channel7 = (AHBPERIPH_BASE + 0x80))
                [!provide]                PROVIDE (RCC = (AHBPERIPH_BASE + 0x1000))
                0xe000e000                SCS_BASE = 0xe000e000
                [!provide]                PROVIDE (SysTick = (SCS_BASE + 0x10))
                [!provide]                PROVIDE (NVIC = (SCS_BASE + 0x100))
                [!provide]                PROVIDE (SCB = (SCS_BASE + 0xd00))
                0x20005000                _estack = 0x20005000

.isr_vector     0x08000000      0x10c
                0x08000000                . = ALIGN (0x4)
 *(.isr_vector)
 .isr_vector    0x08000000      0x10c ROM_RUN/stm32f10x_vector.o
                0x08000000                g_pfnVectors
                0x0800010c                . = ALIGN (0x4)

.flashtext      0x0800010c        0x0
                0x0800010c                . = ALIGN (0x4)
 *(.flashtext)
                0x0800010c                . = ALIGN (0x4)

.text           0x08000110     0xa888
                0x08000110                . = ALIGN (0x4)
 *(.text)
 .text          0x08000110       0x6e ROM_RUN/cortexm3_macro.o
                0x08000110                __WFI
                0x08000114                __WFE
                0x08000118                __SEV
                0x0800011c                __ISB
                0x08000122                __DSB
                0x08000128                __DMB
                0x0800012e                __SVC
                0x08000132                __MRS_CONTROL
                0x08000138                __MSR_CONTROL
                0x08000142                __MRS_PSP
                0x08000148                __MSR_PSP
                0x0800014e                __MRS_MSP
                0x08000154                __MSR_MSP
                0x0800015a                __SETPRIMASK
                0x0800015e                __RESETPRIMASK
                0x08000162                __SETFAULTMASK
                0x08000166                __RESETFAULTMASK
                0x0800016a                __BASEPRICONFIG
                0x08000170                __GetBASEPRI
                0x08000176                __REV_HalfWord
                0x0800017a                __REV_Word
 *fill*         0x0800017e        0x2 
 .text          0x08000180      0x644 ROM_RUN/stm32f10x_can.o
                0x08000180                CAN_DeInit
                0x0800019c                CAN_Init
                0x08000264                CAN_FilterInit
                0x08000358                CAN_StructInit
                0x08000370                CAN_ITConfig
                0x08000388                CAN_Transmit
                0x0800044c                CAN_TransmitStatus
                0x080004c8                CAN_CancelTransmit
                0x080004fc                CAN_FIFORelease
                0x08000510                CAN_MessagePending
                0x08000530                CAN_Receive
                0x080005cc                CAN_Sleep
                0x080005e4                CAN_WakeUp
                0x08000600                CAN_GetFlagStatus
                0x08000614                CAN_ClearFlag
                0x08000624                CAN_GetITStatus
                0x080006f8                CAN_ClearITPendingBit
 .text          0x080007c4       0x48 ROM_RUN/stm32f10x_flash.o
                0x080007c4                FLASH_SetLatency
                0x080007dc                FLASH_HalfCycleAccessCmd
                0x080007f4                FLASH_PrefetchBufferCmd
 .text          0x0800080c      0x104 ROM_RUN/stm32f10x_exti.o
                0x0800080c                EXTI_DeInit
                0x08000828                EXTI_Init
                0x080008a8                EXTI_StructInit
                0x080008b8                EXTI_GenerateSWInterrupt
                0x080008c8                EXTI_GetFlagStatus
                0x080008dc                EXTI_ClearFlag
                0x080008e8                EXTI_GetITStatus
                0x08000904                EXTI_ClearITPendingBit
 .text          0x08000910      0x380 ROM_RUN/stm32f10x_adc.o
                0x08000910                ADC_DeInit
                0x08000978                ADC_Init
                0x080009c4                ADC_StructInit
                0x080009d4                ADC_Cmd
                0x080009e8                ADC_DMACmd
                0x080009fc                ADC_ITConfig
                0x08000a10                ADC_ResetCalibration
                0x08000a1c                ADC_GetResetCalibrationStatus
                0x08000a24                ADC_StartCalibration
                0x08000a30                ADC_GetCalibrationStatus
                0x08000a38                ADC_SoftwareStartConvCmd
                0x08000a4c                ADC_GetSoftwareStartConvStatus
                0x08000a54                ADC_DiscModeChannelCountConfig
                0x08000a64                ADC_DiscModeCmd
                0x08000a78                ADC_RegularChannelConfig
                0x08000b14                ADC_ExternalTrigConvCmd
                0x08000b28                ADC_GetConversionValue
                0x08000b30                ADC_GetDualModeConversionValue
                0x08000b3c                ADC_AutoInjectedConvCmd
                0x08000b50                ADC_InjectedDiscModeCmd
                0x08000b64                ADC_ExternalTrigInjectedConvConfig
                0x08000b70                ADC_ExternalTrigInjectedConvCmd
                0x08000b84                ADC_SoftwareStartInjectedConvCmd
                0x08000b98                ADC_GetSoftwareStartInjectedConvCmdStatus
                0x08000ba0                ADC_InjectedChannelConfig
                0x08000c00                ADC_InjectedSequencerLengthConfig
                0x08000c10                ADC_SetInjectedOffset
                0x08000c14                ADC_GetInjectedConversionValue
                0x08000c1c                ADC_AnalogWatchdogCmd
                0x08000c2c                ADC_AnalogWatchdogThresholdsConfig
                0x08000c34                ADC_AnalogWatchdogSingleChannelConfig
                0x08000c40                ADC_TempSensorVrefintCmd
                0x08000c5c                ADC_GetFlagStatus
                0x08000c68                ADC_ClearFlag
                0x08000c70                ADC_GetITStatus
                0x08000c88                ADC_ClearITPendingBit
 .text          0x08000c90      0x200 ROM_RUN/stm32f10x_dma.o
                0x08000c90                DMA_DeInit
                0x08000da4                DMA_Init
                0x08000de4                DMA_StructInit
                0x08000e00                DMA_Cmd
                0x08000e14                DMA_ITConfig
                0x08000e28                DMA_GetCurrDataCounter
                0x08000e30                DMA_GetFlagStatus
                0x08000e4c                DMA_ClearFlag
                0x08000e60                DMA_GetITStatus
                0x08000e7c                DMA_ClearITPendingBit
 .text          0x08000e90      0x2c4 ROM_RUN/stm32f10x_gpio.o
                0x08000e90                GPIO_DeInit
                0x08000f64                GPIO_AFIODeInit
                0x08000f7c                GPIO_Init
                0x08001040                GPIO_StructInit
                0x08001050                GPIO_ReadInputDataBit
                0x0800105c                GPIO_ReadInputData
                0x08001064                GPIO_ReadOutputDataBit
                0x08001070                GPIO_ReadOutputData
                0x08001078                GPIO_SetBits
                0x0800107c                GPIO_ResetBits
                0x08001080                GPIO_WriteBit
                0x0800108c                GPIO_Write
                0x08001090                GPIO_PinLockConfig
                0x080010a0                GPIO_EventOutputConfig
                0x080010bc                GPIO_EventOutputCmd
                0x080010c8                GPIO_PinRemapConfig
                0x08001128                GPIO_EXTILineConfig
 .text          0x08001154      0x34c ROM_RUN/stm32f10x_nvic.o
                0x08001154                NVIC_DeInit
                0x0800118c                NVIC_SCBDeInit
                0x080011c0                NVIC_PriorityGroupConfig
                0x080011d4                NVIC_Init
                0x0800126c                NVIC_StructInit
                0x08001278                NVIC_SETPRIMASK
                0x0800127c                NVIC_RESETPRIMASK
                0x08001280                NVIC_SETFAULTMASK
                0x08001284                NVIC_RESETFAULTMASK
                0x08001288                NVIC_BASEPRICONFIG
                0x08001290                NVIC_GetBASEPRI
                0x08001294                NVIC_GetCurrentPendingIRQChannel
                0x080012a4                NVIC_GetIRQChannelPendingBitStatus
                0x080012c8                NVIC_SetIRQChannelPendingBit
                0x080012d4                NVIC_ClearIRQChannelPendingBit
                0x080012f0                NVIC_GetCurrentActiveHandler
                0x08001300                NVIC_GetIRQChannelActiveBitStatus
                0x08001324                NVIC_GetCPUID
                0x08001330                NVIC_SetVectorTable
                0x08001344                NVIC_GenerateSystemReset
                0x08001354                NVIC_GenerateCoreReset
                0x08001364                NVIC_SystemLPConfig
                0x08001380                NVIC_SystemHandlerConfig
                0x080013a0                NVIC_SystemHandlerPriorityConfig
                0x080013f4                NVIC_GetSystemHandlerPendingBitStatus
                0x08001410                NVIC_SetSystemHandlerPendingBit
                0x08001428                NVIC_ClearSystemHandlerPendingBit
                0x08001440                NVIC_GetSystemHandlerActiveBitStatus
                0x0800145c                NVIC_GetFaultHandlerSources
                0x08001490                NVIC_GetFaultAddress
 .text          0x080014a0       0xe8 ROM_RUN/stm32f10x_pwr.o
                0x080014a0                PWR_DeInit
                0x080014bc                PWR_BackupAccessCmd
                0x080014c8                PWR_PVDCmd
                0x080014d4                PWR_PVDLevelConfig
                0x080014e8                PWR_WakeUpPinCmd
                0x080014f4                PWR_EnterSTOPMode
                0x08001528                PWR_EnterSTANDBYMode
                0x08001564                PWR_GetFlagStatus
                0x08001578                PWR_ClearFlag
 .text          0x08001588      0x364 ROM_RUN/stm32f10x_rcc.o
                0x08001588                RCC_DeInit
                0x080015c4                RCC_HSEConfig
                0x080015fc                RCC_WaitForHSEStartUp
                0x08001634                RCC_AdjustHSICalibrationValue
                0x08001648                RCC_HSICmd
                0x08001654                RCC_PLLConfig
                0x08001668                RCC_PLLCmd
                0x08001674                RCC_SYSCLKConfig
                0x08001688                RCC_GetSYSCLKSource
                0x08001698                RCC_HCLKConfig
                0x080016ac                RCC_PCLK1Config
                0x080016c0                RCC_PCLK2Config
                0x080016d4                RCC_ITConfig
                0x080016ec                RCC_USBCLKConfig
                0x080016f8                RCC_ADCCLKConfig
                0x0800170c                RCC_LSEConfig
                0x08001734                RCC_LSICmd
                0x08001740                RCC_RTCCLKConfig
                0x08001750                RCC_RTCCLKCmd
                0x0800175c                RCC_GetClocksFreq
                0x080017ec                RCC_AHBPeriphClockCmd
                0x08001804                RCC_APB2PeriphClockCmd
                0x0800181c                RCC_APB1PeriphClockCmd
                0x08001834                RCC_APB2PeriphResetCmd
                0x0800184c                RCC_APB1PeriphResetCmd
                0x08001864                RCC_BackupResetCmd
                0x08001870                RCC_ClockSecuritySystemCmd
                0x0800187c                RCC_MCOConfig
                0x08001888                RCC_GetFlagStatus
                0x080018bc                RCC_ClearFlag
                0x080018cc                RCC_GetITStatus
                0x080018e0                RCC_ClearITPendingBit
 .text          0x080018ec      0xd48 ROM_RUN/stm32f10x_tim.o
                0x080018ec                TIM_DeInit
                0x080019e0                TIM_TimeBaseInit
                0x08001a2c                TIM_OC1Init
                0x08001ac0                TIM_OC2Init
                0x08001b64                TIM_OC3Init
                0x08001c04                TIM_OC4Init
                0x08001c84                TIM_ICInit
                0x08001e0c                TIM_PWMIConfig
                0x08001f64                TIM_BDTRConfig
                0x08001f94                TIM_TimeBaseStructInit
                0x08001fa8                TIM_OCStructInit
                0x08001fbc                TIM_ICStructInit
                0x08001fcc                TIM_BDTRStructInit
                0x08001fe0                TIM_Cmd
                0x08001ffc                TIM_CtrlPWMOutputs
                0x0800201c                TIM_ITConfig
                0x08002030                TIM_GenerateEvent
                0x08002034                TIM_DMAConfig
                0x0800203c                TIM_DMACmd
                0x08002050                TIM_InternalClockConfig
                0x08002060                TIM_ITRxExternalClockConfig
                0x0800207c                TIM_TIxExternalClockConfig
                0x08002120                TIM_ETRClockMode1Config
                0x08002144                TIM_ETRClockMode2Config
                0x08002160                TIM_ETRConfig
                0x08002174                TIM_PrescalerConfig
                0x0800217c                TIM_CounterModeConfig
                0x0800218c                TIM_SelectInputTrigger
                0x0800219c                TIM_EncoderInterfaceConfig
                0x080021ec                TIM_ForcedOC1Config
                0x080021fc                TIM_ForcedOC2Config
                0x08002210                TIM_ForcedOC3Config
                0x08002220                TIM_ForcedOC4Config
                0x08002234                TIM_ARRPreloadConfig
                0x08002250                TIM_SelectCOM
                0x0800226c                TIM_SelectCCDMA
                0x08002288                TIM_CCPreloadControl
                0x080022a4                TIM_OC1PreloadConfig
                0x080022b4                TIM_OC2PreloadConfig
                0x080022c8                TIM_OC3PreloadConfig
                0x080022d8                TIM_OC4PreloadConfig
                0x080022ec                TIM_OC1FastConfig
                0x080022fc                TIM_OC2FastConfig
                0x08002310                TIM_OC3FastConfig
                0x08002320                TIM_OC4FastConfig
                0x08002334                TIM_ClearOC1Ref
                0x08002344                TIM_ClearOC2Ref
                0x08002354                TIM_ClearOC3Ref
                0x08002364                TIM_ClearOC4Ref
                0x08002374                TIM_OC1PolarityConfig
                0x08002384                TIM_OC1NPolarityConfig
                0x08002394                TIM_OC2PolarityConfig
                0x080023a8                TIM_OC2NPolarityConfig
                0x080023bc                TIM_OC3PolarityConfig
                0x080023d0                TIM_OC3NPolarityConfig
                0x080023e4                TIM_OC4PolarityConfig
                0x080023f8                TIM_CCxCmd
                0x08002418                TIM_CCxNCmd
                0x08002438                TIM_SelectOCxM
                0x0800248c                TIM_UpdateDisableConfig
                0x080024a8                TIM_UpdateRequestConfig
                0x080024c4                TIM_SelectHallSensor
                0x080024e0                TIM_SelectOnePulseMode
                0x080024f4                TIM_SelectOutputTrigger
                0x0800250c                TIM_SelectSlaveMode
                0x08002524                TIM_SelectMasterSlaveMode
                0x0800253c                TIM_SetCounter
                0x08002540                TIM_SetAutoreload
                0x08002544                TIM_SetCompare1
                0x08002548                TIM_SetCompare2
                0x0800254c                TIM_SetCompare3
                0x08002550                TIM_SetCompare4
                0x08002558                TIM_SetIC1Prescaler
                0x08002570                TIM_SetIC2Prescaler
                0x0800258c                TIM_SetIC3Prescaler
                0x080025a4                TIM_SetIC4Prescaler
                0x080025c0                TIM_SetClockDivision
                0x080025d0                TIM_GetCapture1
                0x080025d8                TIM_GetCapture2
                0x080025e0                TIM_GetCapture3
                0x080025e8                TIM_GetCapture4
                0x080025f0                TIM_GetCounter
                0x080025f8                TIM_GetPrescaler
                0x08002600                TIM_GetFlagStatus
                0x0800260c                TIM_ClearFlag
                0x08002614                TIM_GetITStatus
                0x0800262c                TIM_ClearITPendingBit
 .text          0x08002634      0x3a0 ROM_RUN/stm32f10x_usart.o
                0x08002634                USART_DeInit
                0x080026e0                USART_Init
                0x08002774                USART_StructInit
                0x08002788                USART_ClockInit
                0x080027b0                USART_ClockStructInit
                0x080027bc                USART_Cmd
                0x080027d8                USART_ITConfig
                0x0800280c                USART_DMACmd
                0x08002820                USART_SetAddress
                0x08002838                USART_WakeUpConfig
                0x08002850                USART_ReceiverWakeUpCmd
                0x0800286c                USART_LINBreakDetectLengthConfig
                0x08002884                USART_LINCmd
                0x080028a0                USART_SendData
                0x080028a8                USART_ReceiveData
                0x080028b0                USART_SendBreak
                0x080028bc                USART_SetGuardTime
                0x080028d0                USART_SetPrescaler
                0x080028e4                USART_SmartCardCmd
                0x08002900                USART_SmartCardNACKCmd
                0x0800291c                USART_HalfDuplexCmd
                0x08002938                USART_IrDAConfig
                0x08002950                USART_IrDACmd
                0x0800296c                USART_GetFlagStatus
                0x08002978                USART_ClearFlag
                0x08002980                USART_GetITStatus
                0x080029c4                USART_ClearITPendingBit
 .text          0x080029d4      0x34c ROM_RUN/stm32f10x_spi.o
                0x080029d4                SPI_I2S_DeInit
                0x08002a3c                SPI_Init
                0x08002a90                I2S_Init
                0x08002b3c                SPI_StructInit
                0x08002b54                I2S_StructInit
                0x08002b68                SPI_Cmd
                0x08002b84                I2S_Cmd
                0x08002ba0                SPI_I2S_ITConfig
                0x08002bc0                SPI_I2S_DMACmd
                0x08002bd4                SPI_I2S_SendData
                0x08002bd8                SPI_I2S_ReceiveData
                0x08002be0                SPI_NSSInternalSoftwareConfig
                0x08002c00                SPI_SSOutputCmd
                0x08002c1c                SPI_DataSizeConfig
                0x08002c34                SPI_TransmitCRC
                0x08002c40                SPI_CalculateCRC
                0x08002c5c                SPI_GetCRC
                0x08002c68                SPI_GetCRCPolynomial
                0x08002c70                SPI_BiDirectionalLineConfig
                0x08002c90                SPI_I2S_GetFlagStatus
                0x08002c9c                SPI_I2S_ClearFlag
                0x08002cc4                SPI_I2S_GetITStatus
                0x08002cf0                SPI_I2S_ClearITPendingBit
 .text          0x08002d20       0x88 ROM_RUN/stm32f10x_systick.o
                0x08002d20                SysTick_CLKSourceConfig
                0x08002d38                SysTick_SetReload
                0x08002d40                SysTick_CounterCmd
                0x08002d70                SysTick_ITConfig
                0x08002d88                SysTick_GetCounter
                0x08002d90                SysTick_GetFlagStatus
 .text          0x08002da8      0x120 ROM_RUN/stm32f10x_it.o
                0x08002da8                NMIException
                0x08002dac                HardFaultException
                0x08002db0                MemManageException
                0x08002db4                BusFaultException
                0x08002db8                UsageFaultException
                0x08002dbc                DebugMonitor
                0x08002dc0                SVCHandler
                0x08002dc4                PendSVC
                0x08002dc8                WWDG_IRQHandler
                0x08002dcc                PVD_IRQHandler
                0x08002dd0                TAMPER_IRQHandler
                0x08002dd4                RTC_IRQHandler
                0x08002dd8                FLASH_IRQHandler
                0x08002ddc                RCC_IRQHandler
                0x08002de0                EXTI0_IRQHandler
                0x08002de4                EXTI1_IRQHandler
                0x08002de8                EXTI3_IRQHandler
                0x08002dec                EXTI4_IRQHandler
                0x08002df0                DMA1_Channel1_IRQHandler
                0x08002df4                DMA1_Channel2_IRQHandler
                0x08002df8                DMA1_Channel3_IRQHandler
                0x08002dfc                DMA1_Channel4_IRQHandler
                0x08002e00                DMA1_Channel5_IRQHandler
                0x08002e04                DMA1_Channel6_IRQHandler
                0x08002e08                DMA1_Channel7_IRQHandler
                0x08002e0c                ADC_IRQHandler
                0x08002e10                USB_HP_CAN_TX_IRQHandler
                0x08002e1c                USB_LP_CAN_RX0_IRQHandler
                0x08002e28                CAN_RX1_IRQHandler
                0x08002e44                CAN_SCE_IRQHandler
                0x08002e50                TIM1_BRK_IRQHandler
                0x08002e54                I2C1_EV_IRQHandler
                0x08002e58                I2C1_ER_IRQHandler
                0x08002e5c                I2C2_EV_IRQHandler
                0x08002e60                I2C2_ER_IRQHandler
                0x08002e64                SPI1_IRQHandler
                0x08002e68                SPI2_IRQHandler
                0x08002e78                EXTI15_10_IRQHandler
                0x08002e7c                RTCAlarm_IRQHandler
                0x08002e80                USBWakeUp_IRQHandler
                0x08002e84                TIM8_BRK_IRQHandler
                0x08002e88                TIM8_UP_IRQHandler
                0x08002e8c                TIM8_TRG_COM_IRQHandler
                0x08002e90                TIM8_CC_IRQHandler
                0x08002e94                ADC3_IRQHandler
                0x08002e98                FSMC_IRQHandler
                0x08002e9c                SDIO_IRQHandler
                0x08002ea0                TIM5_IRQHandler
                0x08002ea4                SPI3_IRQHandler
                0x08002ea8                UART4_IRQHandler
                0x08002eac                UART5_IRQHandler
                0x08002eb0                TIM6_IRQHandler
                0x08002eb4                TIM7_IRQHandler
                0x08002eb8                DMA2_Channel1_IRQHandler
                0x08002ebc                DMA2_Channel2_IRQHandler
                0x08002ec0                DMA2_Channel3_IRQHandler
                0x08002ec4                DMA2_Channel4_5_IRQHandler
 .text          0x08002ec8       0x5c ROM_RUN/stm32f10x_vector.o
                0x08002ec8                Reset_Handler
 .text          0x08002f24      0x984 ROM_RUN/TMC4671-LEV-REF_v1.0.o
                0x08002f24                tmcm_initModuleConfig
                0x08002f44                tmcm_initMotorConfig
                0x0800305c                tmcm_initModuleSpecificIO
                0x080031a0                tmcm_interruptConfig
                0x080031c4                tmcm_enableStandbyMode
                0x080031c8                tmcm_updateConfig
                0x080033e4                tmcm_initModuleSpecificADC
                0x08003500                tmcm_setUartToSendMode
                0x08003504                tmcm_setUartToReceiveMode
                0x08003508                tmcm_isUartSending
                0x0800350c                tmcm_enableCsMem
                0x0800351c                tmcm_disableCsMem
                0x0800352c                tmcm_clearModuleSpecificIOPin
                0x0800357c                tmcm_setModuleSpecificIOPin
                0x080035cc                tmcm_getModuleSpecificIOPin
                0x0800361c                tmcm_getInterruptValue
                0x0800362c                tmcm_getSinCosValue
                0x0800363c                tmcm_getSpeedValue
                0x0800364c                tmcm_getButtonValue
                0x0800365c                tmcm_getModuleSpecificIOPinStatus
                0x080036a8                tmcm_getModuleSpecificADCValue
                0x08003740                tmcm_getADCTorqueValue
                0x08003750                tmcm_enableCsWeasel
                0x0800375c                tmcm_disableCsWeasel
                0x08003768                tmcm_enableCsDragon
                0x08003778                tmcm_disableCsDragon
                0x08003788                tmcm_enableCsLIS2DH12
                0x08003798                tmcm_disableCsLIS2DH12
                0x080037a8                tmcm_enableDriver
                0x080037c0                tmcm_disableDriver
                0x080037d8                tmcm_getDriverState
                0x080037e8                tmcm_enablePower
                0x080037f8                tmcm_disablePower
                0x08003808                tmcm_getPowerState
                0x08003818                tmcm_frontLedOn
                0x08003828                tmcm_frontLedOff
                0x08003838                tmcm_rearLedOn
                0x08003848                tmcm_rearLedOff
                0x08003858                tmcm_ledGreenOn
                0x08003868                tmcm_ledGreenOff
                0x08003878                tmcm_ledGreenToggle
                0x08003888                tmcm_ledRedOn
                0x08003898                tmcm_ledRedOff
 .text          0x080038a8      0x554 ROM_RUN/CAN.o
                0x080038a8                can_Rx0Irq
                0x0800393c                can_Rx1Irq
                0x080039d0                can_TxIrq
                0x08003a9c                can_init
                0x08003d1c                can_sendMessage
                0x08003dbc                can_getMessage
 .text          0x08003dfc      0x170 ROM_RUN/SPI.o
                0x08003dfc                spi_init
                0x08003e94                eeprom_spi_readWriteByte
                0x08003edc                weasel_spi_readWriteByte
                0x08003f24                dragon_spi_readWriteByte
 .text          0x08003f6c      0x2a4 ROM_RUN/UART.o
                0x08003f6c                uart_init
                0x080040d0                USART1_IRQHandler
                0x08004184                uart_write
                0x080041c4                uart_read
                0x080041f4                uart_checkTimeout
 .text          0x08004210      0x274 ROM_RUN/Eeprom.o
                0x08004210                eeprom_writeConfigByte
                0x0800426c                eeprom_readConfigByte
                0x08004298                eeprom_writeConfigBlock
                0x08004378                eeprom_initConfig
                0x08004438                eeprom_readConfigBlock
 .text          0x08004484      0x210 ROM_RUN/LIS2DH12.o
                0x08004484                LIS2DH12_spi_init
                0x08004500                LIS2DH12_spi_readWriteByte
                0x08004548                LIS2DH12_spi_writeInt
                0x08004564                LIS2DH12_spi_readInt
                0x0800457c                LIS2DH12_interrupt
                0x080045e4                LI2DH12_init
 .text          0x08004694       0x84 ROM_RUN/Cpu.o
                0x08004694                cpu_init
 .text          0x08004718       0x14 ROM_RUN/IO.o
                0x08004718                io_resetCPU
                0x08004724                io_enableInterrupts
                0x08004728                io_disableInterrupts
 .text          0x0800472c       0xac ROM_RUN/SystemInfo.o
                0x0800472c                systemInfo_update
                0x08004768                systemInfo_incMainLoopCounter
                0x08004778                systemInfo_getMainLoopsPerSecond
                0x08004784                systemInfo_incCommunicationLoopCounter
                0x08004794                systemInfo_getCommunicationsPerSecond
                0x080047a0                systemInfo_incCurrentLoopCounter
                0x080047b0                systemInfo_getCurrentLoopsPerSecond
                0x080047bc                systemInfo_incVelocityLoopCounter
                0x080047cc                systemInfo_getVelocityLoopsPerSecond
 .text          0x080047d8       0x8c ROM_RUN/Systick.o
                0x080047d8                SysTickHandler
                0x08004814                systick_init
                0x08004844                systick_getTimer
                0x08004850                wait
 .text          0x08004864       0x88 ROM_RUN/Flags.o
                0x08004864                flags_setStatusFlag
                0x08004874                flags_clearStatusFlag
                0x08004884                flags_setStatusFlagEnabled
                0x0800489c                flags_isStatusFlagSet
                0x080048b0                flags_resetErrorFlags
                0x080048c0                flags_getAllStatusFlags
                0x080048d4                flags_getErrorFlags
 .text          0x080048ec       0xf0 ROM_RUN/Debug.o
                0x080048ec                debug_getTestVar0
                0x080048f8                debug_getTestVar1
                0x08004904                debug_getTestVar2
                0x08004910                debug_getTestVar3
                0x0800491c                debug_getTestVar4
                0x08004928                debug_getTestVar5
                0x08004934                debug_getTestVar6
                0x08004940                debug_getTestVar7
                0x0800494c                debug_getTestVar8
                0x08004958                debug_getTestVar9
                0x08004964                debug_setTestVar0
                0x08004970                debug_setTestVar1
                0x0800497c                debug_setTestVar2
                0x08004988                debug_setTestVar3
                0x08004994                debug_setTestVar4
                0x080049a0                debug_setTestVar5
                0x080049ac                debug_setTestVar6
                0x080049b8                debug_setTestVar7
                0x080049c4                debug_setTestVar8
                0x080049d0                debug_setTestVar9
 .text          0x080049dc     0x21e0 ROM_RUN/TMCL.o
                0x08006668                tmc4671_readwriteByte
                0x08006678                tmc6200_readwriteByte
                0x0800668c                tmcl_rotateLeft
                0x0800669c                tmcl_rotateRight
                0x080066a8                tmcl_motorStop
                0x080066ac                tmcl_init
                0x080066b0                tmcl_handleAxisParameter
                0x080066c4                tmcl_handleGlobalParameter
                0x080066d4                tmcl_setOutput
                0x080066f4                tmcl_getInput
                0x0800672c                tmcl_getVersion
                0x0800677c                tmcl_boot
                0x080067dc                tmcl_executeActualCommand
                0x08006944                tmcl_processCommand
                0x08006b70                tmcl_softwareReset
                0x08006b88                tmcl_factoryDefault
 *fill*         0x08006bbc        0x4 
 .text          0x08006bc0      0x9d4 ROM_RUN/BLDC.o
                0x08006bc0                bldc_switchToMotionMode
                0x08006c28                bldc_init
                0x08006c58                bldc_getActualMotorCurrent
                0x08006c68                bldc_getTargetMotorCurrent
                0x08006c78                bldc_setTargetMotorCurrent
                0x08006ccc                bldc_getTargetVelocity
                0x08006cec                bldc_setTargetVelocity
                0x08006d40                bldc_getRampGeneratorVelocity
                0x08006d60                bldc_getActualVelocity
                0x08006d78                bldc_getMaxVelocity
                0x08006d84                bldc_setMaxVelocity
                0x08006db4                bldc_setAcceleration
                0x08006de4                bldc_setRampEnabled
                0x08006e08                bldc_checkSupplyVoltage
                0x08006ea8                bldc_getSupplyVoltage
                0x08006eb4                bldc_checkInput12V
                0x08006ee4                bldc_getInput12V
                0x08006ef0                bldc_checkInput6V
                0x08006f20                bldc_getInput6V
                0x08006f2c                bldc_checkInput5V
                0x08006f5c                bldc_getInput5V
                0x08006f68                bldc_checkMotorTemperature
                0x080070b8                bldc_getMotorTemperature
                0x080070c4                bldc_checkCommutationMode
                0x08007154                bldc_stopMotor
                0x080071c8                updateRampTargetTorque
                0x0800722c                bldc_processBLDC
                0x08007434                bldc_rampTargetTorque
                0x08007440                bldc_getMotorPolePairs
                0x08007454                bldc_setCommutationMode
                0x0800746c                bldc_getCommutationMode
                0x08007478                bldc_getOpenLoopAngle
                0x08007488                bldc_getEncoderAngle
                0x08007498                bldc_getDigitalHallAngle
                0x080074a8                bldc_setDualShuntFactor
                0x080074b8                bldc_getDualShuntFactor
                0x080074c4                bldc_getAdcI0Offset
                0x080074d8                bldc_setAdcI0Offset
                0x080074fc                bldc_getAdcI1Offset
                0x08007510                bldc_setAdcI1Offset
                0x08007534                TIM1_TRG_COM_IRQHandler
                0x08007540                TIM1_UP_IRQHandler
                0x0800754c                TIM2_IRQHandler
                0x08007558                TIM3_IRQHandler
                0x08007564                TIM4_IRQHandler
                0x08007570                EXTI9_5_IRQHandler
                0x0800758c                USART2_IRQHandler
                0x08007590                USART3_IRQHandler
 .text          0x08007594      0xacc ROM_RUN/Sensor.o
                0x08007594                sensor_init
                0x08007624                sensor_updatePedalTorque
                0x08007654                sensor_actualPedalTorque
                0x08007660                sensor_getFltActualTorque
                0x0800766c                sensor_setFltActualTorque
                0x08007678                sensor_computePedalTorqMinMax
                0x080076e0                sensor_pedalCounter
                0x080076ec                sensor_pedalPosition
                0x080076f8                sensor_updatePedalVelocity
                0x08007760                sensor_pedalCounterPer500MSeconds
                0x0800776c                sensor_updateMotorVelocity
                0x080077e0                sensor_updateWheelCounter
                0x08007808                sensor_updateWheelVelocity
                0x08007870                sensor_mapSpeedTorque
                0x08007ad4                sensor_motorAssistance
                0x08007b60                sensor_updateCutOffTime
                0x08007b88                sensor_cutOffDistance
                0x08007bb4                sensor_brakeDetection
                0x08007c5c                sensor_updateActualTorqueLimit_Gain
                0x08007cb8                sensor_actualMapSpeedTorque
                0x08007cc4                sensor_actualGain
                0x08007cd0                sensor_actualTorqueLimit
                0x08007cdc                sensor_leftPedalTorque
                0x08007ce8                sensor_rightPedalTorque
                0x08007cf4                sensor_targetpedalTorque
                0x08007cf8                sensor_pedalVelocity
                0x08007d04                sensor_filteredPedalVelocity
                0x08007d10                sensor_filteredPedalVelocityFast
                0x08007d1c                sensor_pedalDirection
                0x08007d28                sensor_pedalMotorEnable
                0x08007d34                sensor_averageTorque
                0x08007d40                sensor_motorVelocity
                0x08007d4c                sensor_wheelMotorVelocity
                0x08007d58                sensor_wheelVelocity
                0x08007d64                wheelSensorDiff
                0x08007d74                bottomBracketDiff
                0x08007dc4                sensor_updatePedalCounter
 .text          0x08008060      0x3a4 ROM_RUN/Button.o
                0x08008060                updateButtonCounter
                0x08008160                enableBike
                0x08008180                disableBike
                0x080081a4                button_autoDeactivation
                0x080081f0                button_updateBatteryStatusFactor
                0x0800821c                batteryCheck
                0x08008298                button_periodicJob
                0x08008358                button_batterySaving
                0x080083f8                button_resetSavingTimer
 .text          0x08008404      0x178 ROM_RUN/Led.o
                0x08008404                led_init
                0x08008414                led_resetCounter
                0x08008424                led_setMode
                0x08008444                led_setColor
                0x08008454                led_updateColor
                0x08008474                led_setBlinkTime
                0x08008480                led_off
                0x08008490                led_periodicJob
 .text          0x0800857c       0xb0 ROM_RUN/LedRear.o
                0x0800857c                rear_led_init
                0x08008580                rear_led_resetCounter
                0x08008590                rear_led_setMode
                0x080085b0                rear_led_update
                0x080085bc                rear_led_setBlinkTime
                0x080085c8                rear_led_brightness
                0x080085d4                rear_led_off
                0x080085d8                rear_led_periodicJob
 .text          0x0800862c      0x16c ROM_RUN/Functions.o
                0x0800862c                tmc_limitInt
                0x0800863c                tmc_limitS64
                0x08008668                tmc_sqrti
                0x08008754                tmc_filterPT1
 .text          0x08008798      0x1dc ROM_RUN/LinearRamp.o
                0x08008798                tmc_linearRamp_init
                0x080087b4                tmc_linearRamp_computeRampVelocity
                0x08008830                tmc_linearRamp_computeRampPosition
 .text          0x08008974      0x8d0 ROM_RUN/TMC4671.o
                0x08008974                tmc4671_readInt
                0x080089c0                tmc4671_writeInt
                0x08008a00                tmc4671_readRegister16BitValue
                0x08008a1c                tmc4671_writeRegister16BitValue
                0x08008a54                tmc4671_switchToMotionMode
                0x08008a78                tmc4671_setTargetTorque_raw
                0x08008ab4                tmc4671_getTargetTorque_raw
                0x08008ae4                tmc4671_getActualTorque_raw
                0x08008af0                tmc4671_getActualRampTorque_raw
                0x08008af4                tmc4671_setTargetTorque_mA
                0x08008b34                tmc4671_getTargetTorque_mA
                0x08008b70                tmc4671_getActualTorque_mA
                0x08008b8c                tmc4671_getTargetTorqueFluxSum_mA
                0x08008be0                tmc4671_getActualTorqueFluxSum_mA
                0x08008c00                tmc4671_getActualRampTorque_mA
                0x08008c04                tmc4671_setTargetFlux_raw
                0x08008c28                tmc4671_getTargetFlux_raw
                0x08008c58                tmc4671_getActualFlux_raw
                0x08008c64                tmc4671_setTargetFlux_mA
                0x08008c8c                tmc4671_getTargetFlux_mA
                0x08008cc8                tmc4671_getActualFlux_mA
                0x08008ce4                tmc4671_setTorqueFluxLimit_mA
                0x08008d0c                tmc4671_getTorqueFluxLimit_mA
                0x08008d20                tmc4671_setTargetVelocity
                0x08008d4c                tmc4671_getTargetVelocity
                0x08008d54                tmc4671_getActualVelocity
                0x08008d5c                tmc4671_getActualRampVelocity
                0x08008d60                tmc4671_setAbsolutTargetPosition
                0x08008d8c                tmc4671_setRelativeTargetPosition
                0x08008dc4                tmc4671_getTargetPosition
                0x08008dcc                tmc4671_setActualPosition
                0x08008dd4                tmc4671_getActualPosition
                0x08008ddc                tmc4671_getActualRampPosition
                0x08008de0                tmc4671_doEncoderInitializationMode0
                0x08008f0c                tmc4671_getS16CircleDifference
                0x08008f14                tmc4671_doEncoderInitializationMode2
                0x08009000                tmc4671_checkEncderInitialization
                0x0800905c                tmc4671_periodicJob
                0x080090b8                tmc4671_startEncoderInitialization
                0x080090cc                tmc4671_updatePhiSelectionAndInitialize
                0x080090fc                tmc4671_disablePWM
                0x08009104                tmc4671_getMotorType
                0x08009114                tmc4671_setMotorType
                0x08009138                tmc4671_getPolePairs
                0x08009144                tmc4671_setPolePairs
                0x08009168                tmc4671_getAdcI0Offset
                0x08009174                tmc4671_setAdcI0Offset
                0x08009198                tmc4671_getAdcI1Offset
                0x080091a4                tmc4671_setAdcI1Offset
                0x080091c8                tmc4671_setTorqueFluxPI
                0x080091e8                tmc4671_setVelocityPI
                0x080091f4                tmc4671_setPositionPI
                0x08009200                tmc4671_readFieldWithDependency
 .text          0x08009244       0x8c ROM_RUN/TMC6200.o
                0x08009244                tmc6200_readInt
                0x08009290                tmc6200_writeInt
 .text          0x080092d0      0x378 c:/program files (x86)/gnu arm embedded toolchain/10 2021.10/bin/../lib/gcc/arm-none-eabi/10.3.1/thumb/v7-m/nofp\libgcc.a(_arm_addsubdf3.o)
                0x080092d0                __aeabi_drsub
                0x080092d8                __aeabi_dsub
                0x080092d8                __subdf3
                0x080092dc                __aeabi_dadd
                0x080092dc                __adddf3
                0x08009554                __floatunsidf
                0x08009554                __aeabi_ui2d
                0x08009574                __floatsidf
                0x08009574                __aeabi_i2d
                0x08009598                __aeabi_f2d
                0x08009598                __extendsfdf2
                0x080095dc                __floatundidf
                0x080095dc                __aeabi_ul2d
                0x080095ec                __floatdidf
                0x080095ec                __aeabi_l2d
 .text          0x08009648      0x424 c:/program files (x86)/gnu arm embedded toolchain/10 2021.10/bin/../lib/gcc/arm-none-eabi/10.3.1/thumb/v7-m/nofp\libgcc.a(_arm_muldivdf3.o)
                0x08009648                __aeabi_dmul
                0x08009648                __muldf3
                0x0800989c                __divdf3
                0x0800989c                __aeabi_ddiv
 .text          0x08009a6c      0x110 c:/program files (x86)/gnu arm embedded toolchain/10 2021.10/bin/../lib/gcc/arm-none-eabi/10.3.1/thumb/v7-m/nofp\libgcc.a(_arm_cmpdf2.o)
                0x08009a6c                __gtdf2
                0x08009a6c                __gedf2
                0x08009a74                __ltdf2
                0x08009a74                __ledf2
                0x08009a7c                __nedf2
                0x08009a7c                __eqdf2
                0x08009a7c                __cmpdf2
                0x08009af8                __aeabi_cdrcmple
                0x08009b08                __aeabi_cdcmpeq
                0x08009b08                __aeabi_cdcmple
                0x08009b18                __aeabi_dcmpeq
                0x08009b2c                __aeabi_dcmplt
                0x08009b40                __aeabi_dcmple
                0x08009b54                __aeabi_dcmpge
                0x08009b68                __aeabi_dcmpgt
 .text          0x08009b7c       0x2c c:/program files (x86)/gnu arm embedded toolchain/10 2021.10/bin/../lib/gcc/arm-none-eabi/10.3.1/thumb/v7-m/nofp\libgcc.a(_arm_unorddf2.o)
                0x08009b7c                __unorddf2
                0x08009b7c                __aeabi_dcmpun
 .text          0x08009ba8       0xa0 c:/program files (x86)/gnu arm embedded toolchain/10 2021.10/bin/../lib/gcc/arm-none-eabi/10.3.1/thumb/v7-m/nofp\libgcc.a(_arm_truncdfsf2.o)
                0x08009ba8                __truncdfsf2
                0x08009ba8                __aeabi_d2f
 .text          0x08009c48      0x21c c:/program files (x86)/gnu arm embedded toolchain/10 2021.10/bin/../lib/gcc/arm-none-eabi/10.3.1/thumb/v7-m/nofp\libgcc.a(_arm_addsubsf3.o)
                0x08009c48                __aeabi_frsub
                0x08009c50                __subsf3
                0x08009c50                __aeabi_fsub
                0x08009c54                __aeabi_fadd
                0x08009c54                __addsf3
                0x08009db4                __aeabi_ui2f
                0x08009db4                __floatunsisf
                0x08009dbc                __aeabi_i2f
                0x08009dbc                __floatsisf
                0x08009dd8                __aeabi_ul2f
                0x08009dd8                __floatundisf
                0x08009de8                __aeabi_l2f
                0x08009de8                __floatdisf
 .text          0x08009e64       0xec c:/program files (x86)/gnu arm embedded toolchain/10 2021.10/bin/../lib/gcc/arm-none-eabi/10.3.1/thumb/v7-m/nofp\libgcc.a(_arm_cmpsf2.o)
                0x08009e64                __gesf2
                0x08009e64                __gtsf2
                0x08009e6c                __lesf2
                0x08009e6c                __ltsf2
                0x08009e74                __nesf2
                0x08009e74                __eqsf2
                0x08009e74                __cmpsf2
                0x08009ed4                __aeabi_cfrcmple
                0x08009edc                __aeabi_cfcmpeq
                0x08009edc                __aeabi_cfcmple
                0x08009eec                __aeabi_fcmpeq
                0x08009f00                __aeabi_fcmplt
                0x08009f14                __aeabi_fcmple
                0x08009f28                __aeabi_fcmpge
                0x08009f3c                __aeabi_fcmpgt
 .text          0x08009f50       0x4c c:/program files (x86)/gnu arm embedded toolchain/10 2021.10/bin/../lib/gcc/arm-none-eabi/10.3.1/thumb/v7-m/nofp\libgcc.a(_arm_fixsfsi.o)
                0x08009f50                __aeabi_f2iz
                0x08009f50                __fixsfsi
 .text          0x08009f9c       0xa0 c:/program files (x86)/gnu arm embedded toolchain/10 2021.10/bin/../lib/gcc/arm-none-eabi/10.3.1/thumb/v7-m/nofp\libgcc.a(_aeabi_ldivmod.o)
                0x08009f9c                __aeabi_ldivmod
 .text          0x0800a03c      0x2d4 c:/program files (x86)/gnu arm embedded toolchain/10 2021.10/bin/../lib/gcc/arm-none-eabi/10.3.1/thumb/v7-m/nofp\libgcc.a(_udivmoddi4.o)
                0x0800a03c                __udivmoddi4
 .text          0x0800a310        0x4 c:/program files (x86)/gnu arm embedded toolchain/10 2021.10/bin/../lib/gcc/arm-none-eabi/10.3.1/thumb/v7-m/nofp\libgcc.a(_dvmd_tls.o)
                0x0800a310                __aeabi_idiv0
                0x0800a310                __aeabi_ldiv0
 *(.text.*)
 .text.startup  0x0800a314       0xac ROM_RUN/main.o
                0x0800a314                main
 .text.memcpy   0x0800a3c0       0x1c c:/program files (x86)/gnu arm embedded toolchain/10 2021.10/bin/../lib/gcc/arm-none-eabi/10.3.1/../../../../arm-none-eabi/lib/thumb/v7-m/nofp\libc_nano.a(lib_a-memcpy-stub.o)
                0x0800a3c0                memcpy
 .text.memset   0x0800a3dc       0x10 c:/program files (x86)/gnu arm embedded toolchain/10 2021.10/bin/../lib/gcc/arm-none-eabi/10.3.1/../../../../arm-none-eabi/lib/thumb/v7-m/nofp\libc_nano.a(lib_a-memset.o)
                0x0800a3dc                memset
 .text.log      0x0800a3ec       0x68 c:/program files (x86)/gnu arm embedded toolchain/10 2021.10/bin/../lib/gcc/arm-none-eabi/10.3.1/../../../../arm-none-eabi/lib/thumb/v7-m/nofp\libm.a(lib_a-w_log.o)
                0x0800a3ec                log
 *fill*         0x0800a454        0x4 
 .text.__ieee754_log
                0x0800a458      0x400 c:/program files (x86)/gnu arm embedded toolchain/10 2021.10/bin/../lib/gcc/arm-none-eabi/10.3.1/../../../../arm-none-eabi/lib/thumb/v7-m/nofp\libm.a(lib_a-e_log.o)
                0x0800a458                __ieee754_log
 .text.nan      0x0800a858        0xc c:/program files (x86)/gnu arm embedded toolchain/10 2021.10/bin/../lib/gcc/arm-none-eabi/10.3.1/../../../../arm-none-eabi/lib/thumb/v7-m/nofp\libm.a(lib_a-s_nan.o)
                0x0800a858                nan
 .text.__errno  0x0800a864        0xc c:/program files (x86)/gnu arm embedded toolchain/10 2021.10/bin/../lib/gcc/arm-none-eabi/10.3.1/../../../../arm-none-eabi/lib/thumb/v7-m/nofp\libc_nano.a(lib_a-errno.o)
                0x0800a864                __errno
 *(.rodata)
 .rodata        0x0800a870        0x8 ROM_RUN/stm32f10x_can.o
 .rodata        0x0800a878       0x14 ROM_RUN/stm32f10x_rcc.o
 .rodata        0x0800a88c      0x100 ROM_RUN/Functions.o
 *(.rodata*)
 .rodata.str1.4
                0x0800a98c        0x9 ROM_RUN/TMC4671-LEV-REF_v1.0.o
 .rodata.log.str1.4
                0x0800a995        0x9 c:/program files (x86)/gnu arm embedded toolchain/10 2021.10/bin/../lib/gcc/arm-none-eabi/10.3.1/../../../../arm-none-eabi/lib/thumb/v7-m/nofp\libm.a(lib_a-w_log.o)
                                  0x1 (size before relaxing)
 *(.glue_7)
 .glue_7        0x0800a995        0x0 linker stubs
 *(.glue_7t)
 .glue_7t       0x0800a995        0x0 linker stubs
                0x0800a9a0                . = ALIGN (0x4)
 *fill*         0x0800a995        0x3 

.vfp11_veneer   0x0800a998        0x0
 .vfp11_veneer  0x0800a998        0x0 linker stubs

.v4_bx          0x0800a998        0x0
 .v4_bx         0x0800a998        0x0 linker stubs

.init           0x0800a998        0x4
 .init          0x0800a998        0x4 c:/program files (x86)/gnu arm embedded toolchain/10 2021.10/bin/../lib/gcc/arm-none-eabi/10.3.1/thumb/v7-m/nofp/crti.o
                0x0800a998                _init

.fini           0x0800a99c        0x4
 .fini          0x0800a99c        0x4 c:/program files (x86)/gnu arm embedded toolchain/10 2021.10/bin/../lib/gcc/arm-none-eabi/10.3.1/thumb/v7-m/nofp/crti.o
                0x0800a99c                _fini

.iplt           0x0800a9a0        0x0
 .iplt          0x0800a9a0        0x0 ROM_RUN/stm32f10x_can.o

.ARM.extab
 *(.ARM.extab* .gnu.linkonce.armextab.*)
                0x20000728                __exidx_start = .

.ARM.exidx      0x0800a9a0        0x8
 *(.ARM.exidx* .gnu.linkonce.armexidx.*)
 .ARM.exidx     0x0800a9a0        0x8 c:/program files (x86)/gnu arm embedded toolchain/10 2021.10/bin/../lib/gcc/arm-none-eabi/10.3.1/thumb/v7-m/nofp\libgcc.a(_udivmoddi4.o)
                0x20000728                __exidx_end = .
                0x0800a9a8                _etext = .

.rel.dyn        0x0800a9a8        0x0
 .rel.iplt      0x0800a9a8        0x0 ROM_RUN/stm32f10x_can.o
                0x0800a9a8                . = ALIGN (0x4)
                0x0800a9a8                _sidata = _etext

.data           0x20000000       0x88 load address 0x0800a9a8
                0x20000000                . = ALIGN (0x4)
                0x20000000                _sdata = .
 *(.data)
 .data          0x20000000        0xc ROM_RUN/TMC4671-LEV-REF_v1.0.o
                0x20000000                ADC_MOT_TEMP
                0x20000001                ADC_SUPPLY_VOLTAGE
                0x20000002                ADC_VOLTAGE_12V
                0x20000003                ADC_VOLTAGE_6V
                0x20000004                ADC_VOLTAGE_5V
                0x20000008                VersionString
 .data          0x2000000c        0x4 ROM_RUN/UART.o
                0x2000000c                actualUart
 .data          0x20000010        0x5 ROM_RUN/BLDC.o
                0x20000010                gMotionMode
                0x20000014                gLastSetCommutationMode
 *fill*         0x20000015        0x3 
 .data          0x20000018        0x8 ROM_RUN/Sensor.o
                0x20000018                fltActualTorque
                0x2000001c                dT
 .data          0x20000020        0x1 ROM_RUN/Button.o
 *fill*         0x20000021        0x1 
 .data          0x20000022        0x2 ROM_RUN/Led.o
                0x20000022                blinkTime
 *(.data.*)
 .data._impure_ptr
                0x20000024        0x4 c:/program files (x86)/gnu arm embedded toolchain/10 2021.10/bin/../lib/gcc/arm-none-eabi/10.3.1/../../../../arm-none-eabi/lib/thumb/v7-m/nofp\libc_nano.a(lib_a-impure.o)
                0x20000024                _impure_ptr
 .data.impure_data
                0x20000028       0x60 c:/program files (x86)/gnu arm embedded toolchain/10 2021.10/bin/../lib/gcc/arm-none-eabi/10.3.1/../../../../arm-none-eabi/lib/thumb/v7-m/nofp\libc_nano.a(lib_a-impure.o)
                0x20000088                . = ALIGN (0x4)
 *(.ramfunc)
 *(.ramfunc.*)
                0x20000088                . = ALIGN (0x4)
                0x20000088                _edata = .

.igot.plt       0x20000088        0x0 load address 0x0800aa30
 .igot.plt      0x20000088        0x0 ROM_RUN/stm32f10x_can.o

.bss            0x20000088      0x5a0 load address 0x0800aa30
                0x20000088                . = ALIGN (0x4)
                0x20000088                _sbss = .
 *(.bss)
 .bss           0x20000088        0x8 ROM_RUN/stm32f10x_rcc.o
 .bss           0x20000090       0xd4 ROM_RUN/TMC4671-LEV-REF_v1.0.o
                0x20000090                moduleConfig
                0x200000a0                motorConfig
                0x20000130                rampGenerator
 .bss           0x20000164      0x110 ROM_RUN/CAN.o
                0x20000164                CanRxWritePtr
                0x20000168                CanRxReadPtr
                0x2000016c                CanRxBuffer
                0x200001ec                CanTxReadPtr
                0x200001f0                CanTxWritePtr
                0x200001f4                CanTxBuffer
 .bss           0x20000274       0x55 ROM_RUN/UART.o
                0x2000029c                UARTTimeoutTimer
                0x200002c8                UARTTimeoutFlag
 *fill*         0x200002c9        0x3 
 .bss           0x200002cc       0x24 ROM_RUN/SystemInfo.o
                0x200002cc                loopCounterCheckTime
                0x200002d0                mainLoopsPerSecond
                0x200002d4                mainLoopCounter
                0x200002d8                commLoopsPerSecond
                0x200002dc                commLoopCounter
                0x200002e0                currentLoopsPerSecond
                0x200002e4                currentLoopCounter
                0x200002e8                velocityLoopsPerSecond
                0x200002ec                velocityLoopCounter
 .bss           0x200002f0        0x8 ROM_RUN/Systick.o
 .bss           0x200002f8        0x4 ROM_RUN/Flags.o
                0x200002f8                statusFlags
 .bss           0x200002fc       0x28 ROM_RUN/Debug.o
                0x200002fc                gTestVar0
                0x20000300                gTestVar1
                0x20000304                gTestVar2
                0x20000308                gTestVar3
                0x2000030c                gTestVar4
                0x20000310                gTestVar5
                0x20000314                gTestVar6
                0x20000318                gTestVar7
                0x2000031c                gTestVar8
                0x20000320                gTestVar9
 .bss           0x20000324       0x2d ROM_RUN/TMCL.o
                0x20000324                ActualCommand
                0x2000032c                ActualReply
                0x20000334                TMCLReplyFormat
                0x20000338                SpecialReply
                0x20000341                ResetRequested
 *fill*         0x20000351        0x3 
 .bss           0x20000354       0x30 ROM_RUN/BLDC.o
                0x20000354                gTargetTorque
                0x20000358                gDesiredVelocity
                0x2000035c                gActualSupplyVoltage
                0x20000360                gActualInput12V
                0x20000364                gActualInput6V
                0x20000368                gActualInput5V
                0x2000036c                gActualMotorTemperature
                0x20000374                gRampTargetTorque
 *fill*         0x20000384        0x4 
 .bss           0x20000388      0x248 ROM_RUN/Sensor.o
                0x20000388                m_cutOffTime
                0x2000038c                maxPedalData
                0x200003cc                minPedalData
                0x2000040c                m_pedalTorqueAverage
                0x2000044c                m_leftPedalTorqueRaw
                0x2000048c                m_rightPedalTorqueRaw
                0x200004cc                m_minEstimatedPedalTorque
                0x2000050c                filteredActualPedalTorque
                0x20000510                akkuActualPedalTorque
                0x20000518                m_maxPedalTorque
                0x2000051c                m_minPedalTorque
                0x20000520                m_pedalCountsPer30MSecond
                0x20000524                m_pedalCounter
                0x20000528                m_pedalPosition
                0x2000052c                pedalCounterLast
                0x20000530                m_pedalVelocity
                0x20000534                m_filteredActualPedalVelocitySwift
                0x20000538                akkuActualPedalVelocitySwift
                0x20000540                m_pedalDirection
                0x20000544                m_motorVelocity
                0x20000548                akkuActualMotorVelocityFast
                0x20000550                m_actualWheelMotorVelocity
                0x20000554                m_wheelMotorVelocity
                0x20000558                akkuActualWheelMotorVelocityFast
                0x20000560                m_wheelCounterPrev
                0x20000561                m_wheelDirectionCounter
                0x20000564                m_wheelVelocityTimer
                0x20000568                m_wheelVelocity
                0x2000056c                m_mapSpeedTorque
                0x20000570                m_filteredPedalTorqueAverage
                0x20000574                targetPedalTorque
                0x20000578                m_pedalMotorEnable
                0x20000579                cutOffTimer
                0x2000057c                m_wheelVelocityLast
                0x20000580                m_brakeStartPoint
                0x20000584                out_Y
                0x20000588                minGDetection
                0x2000058c                minGDetectionLast
                0x20000590                m_actualTorque
                0x20000598                akkuActualMotorTorque
                0x200005a0                m_actualTorqueLimit
                0x200005a2                m_actualGain
                0x200005a4                m_leftPedalTorque
                0x200005a6                m_rightPedalTorque
                0x200005a8                m_filteredActualPedalVelocity
                0x200005ac                m_averageTorque
                0x200005b0                pedalCounterPrev
                0x200005b4                m_pedalDirectionCounter
                0x200005b8                m_pedalPositionLast
                0x200005bc                m_pedalPositionStart
                0x200005bd                m_pedalPositionStartReset
                0x200005c0                akkuPedalTorqueAverage
                0x200005c8                minPedalAverage
                0x200005cc                maxPedalAverage
 .bss           0x200005d0       0x1c ROM_RUN/Button.o
                0x200005d0                pressTime
                0x200005d2                m_buttonCounter
                0x200005d3                m_buttonState
                0x200005d4                m_bikeState
                0x200005d5                m_autoState
                0x200005d6                m_autoDeactive
                0x200005d7                m_buttonStateLast
                0x200005d8                m_deactiveTimer
                0x200005dc                m_batteryStatusFactor
                0x200005e0                m_savingTimer
                0x200005e4                bikePWMState
                0x200005e8                m_pedalCounterLast
 .bss           0x200005ec        0x9 ROM_RUN/Led.o
                0x200005ec                pwmCounter
                0x200005ee                msCounter
                0x200005f0                swipeColor
                0x200005f2                ledMode
                0x200005f3                ledColor
                0x200005f4                swipeDirection
 *fill*         0x200005f5        0x1 
 .bss           0x200005f6        0x9 ROM_RUN/LedRear.o
                0x200005f6                pwmCounterRearLed
                0x200005f8                msCounterRearLed
                0x200005fa                rearLedMode
                0x200005fc                blinkTimeRearLed
                0x200005fe                m_rearLedBrightness
 *fill*         0x200005ff        0x1 
 .bss           0x20000600       0x14 ROM_RUN/main.o
                0x20000600                CanTxUsbHpIrqVector
                0x20000604                CanRx0UsbLpIrqVector
                0x20000608                CanRx1IrqVector
                0x20000610                CanSceIrqVector
 .bss           0x20000614       0x14 ROM_RUN/TMC4671.o
 *(COMMON)
                0x20000628                . = ALIGN (0x4)
                0x20000628                _ebss = .
                [!provide]                PROVIDE (end = _ebss)
                [!provide]                PROVIDE (_end = _ebss)

._usrstack      0x20000628      0x100 load address 0x0800afd0
                0x20000628                . = ALIGN (0x4)
                0x20000628                _susrstack = .
                0x20000728                . = (. + _Minimum_Stack_Size)
 *fill*         0x20000628      0x100 
                0x20000728                . = ALIGN (0x4)
                0x20000728                _eusrstack = .

.b1text
 *(.b1text)
 *(.b1rodata)
 *(.b1rodata*)

.eb0text
 *(.eb0text)
 *(.eb0rodata)
 *(.eb0rodata*)

.eb1text
 *(.eb1text)
 *(.eb1rodata)
 *(.eb1rodata*)

.eb2text
 *(.eb2text)
 *(.eb2rodata)
 *(.eb2rodata*)

.eb3text
 *(.eb3text)
 *(.eb3rodata)
 *(.eb3rodata*)
                0x20000728                __exidx_start = .
                0x20000728                __exidx_end = .

/DISCARD/
 libc.a(*)
 libm.a(*)
 libgcc.a(*)

.stab
 *(.stab)

.stabstr
 *(.stabstr)

.stab.excl
 *(.stab.excl)

.stab.exclstr
 *(.stab.exclstr)

.stab.index
 *(.stab.index)

.stab.indexstr
 *(.stab.indexstr)

.comment        0x00000000       0x49
 *(.comment)
 .comment       0x00000000       0x49 ROM_RUN/stm32f10x_can.o
                                 0x4a (size before relaxing)
 .comment       0x00000049       0x4a ROM_RUN/stm32f10x_flash.o
 .comment       0x00000049       0x4a ROM_RUN/stm32f10x_exti.o
 .comment       0x00000049       0x4a ROM_RUN/stm32f10x_adc.o
 .comment       0x00000049       0x4a ROM_RUN/stm32f10x_dma.o
 .comment       0x00000049       0x4a ROM_RUN/stm32f10x_gpio.o
 .comment       0x00000049       0x4a ROM_RUN/stm32f10x_nvic.o
 .comment       0x00000049       0x4a ROM_RUN/stm32f10x_pwr.o
 .comment       0x00000049       0x4a ROM_RUN/stm32f10x_rcc.o
 .comment       0x00000049       0x4a ROM_RUN/stm32f10x_tim.o
 .comment       0x00000049       0x4a ROM_RUN/stm32f10x_usart.o
 .comment       0x00000049       0x4a ROM_RUN/stm32f10x_spi.o
 .comment       0x00000049       0x4a ROM_RUN/stm32f10x_systick.o
 .comment       0x00000049       0x4a ROM_RUN/stm32f10x_it.o
 .comment       0x00000049       0x4a ROM_RUN/stm32f10x_vector.o
 .comment       0x00000049       0x4a ROM_RUN/TMC4671-LEV-REF_v1.0.o
 .comment       0x00000049       0x4a ROM_RUN/CAN.o
 .comment       0x00000049       0x4a ROM_RUN/SPI.o
 .comment       0x00000049       0x4a ROM_RUN/UART.o
 .comment       0x00000049       0x4a ROM_RUN/Eeprom.o
 .comment       0x00000049       0x4a ROM_RUN/LIS2DH12.o
 .comment       0x00000049       0x4a ROM_RUN/Cpu.o
 .comment       0x00000049       0x4a ROM_RUN/IO.o
 .comment       0x00000049       0x4a ROM_RUN/SystemInfo.o
 .comment       0x00000049       0x4a ROM_RUN/Systick.o
 .comment       0x00000049       0x4a ROM_RUN/Flags.o
 .comment       0x00000049       0x4a ROM_RUN/Debug.o
 .comment       0x00000049       0x4a ROM_RUN/TMCL.o
 .comment       0x00000049       0x4a ROM_RUN/BLDC.o
 .comment       0x00000049       0x4a ROM_RUN/Sensor.o
 .comment       0x00000049       0x4a ROM_RUN/Button.o
 .comment       0x00000049       0x4a ROM_RUN/Led.o
 .comment       0x00000049       0x4a ROM_RUN/LedRear.o
 .comment       0x00000049       0x4a ROM_RUN/main.o
 .comment       0x00000049       0x4a ROM_RUN/Functions.o
 .comment       0x00000049       0x4a ROM_RUN/LinearRamp.o
 .comment       0x00000049       0x4a ROM_RUN/TMC4671.o
 .comment       0x00000049       0x4a ROM_RUN/TMC6200.o

.ARM.attributes
                0x00000000       0x29
 .ARM.attributes
                0x00000000       0x1d c:/program files (x86)/gnu arm embedded toolchain/10 2021.10/bin/../lib/gcc/arm-none-eabi/10.3.1/thumb/v7-m/nofp/crti.o
 .ARM.attributes
                0x0000001d       0x21 ROM_RUN/cortexm3_macro.o
 .ARM.attributes
                0x0000003e       0x2d ROM_RUN/stm32f10x_can.o
 .ARM.attributes
                0x0000006b       0x2d ROM_RUN/stm32f10x_flash.o
 .ARM.attributes
                0x00000098       0x2d ROM_RUN/stm32f10x_exti.o
 .ARM.attributes
                0x000000c5       0x2d ROM_RUN/stm32f10x_adc.o
 .ARM.attributes
                0x000000f2       0x2d ROM_RUN/stm32f10x_dma.o
 .ARM.attributes
                0x0000011f       0x2d ROM_RUN/stm32f10x_gpio.o
 .ARM.attributes
                0x0000014c       0x2d ROM_RUN/stm32f10x_nvic.o
 .ARM.attributes
                0x00000179       0x2d ROM_RUN/stm32f10x_pwr.o
 .ARM.attributes
                0x000001a6       0x2d ROM_RUN/stm32f10x_rcc.o
 .ARM.attributes
                0x000001d3       0x2d ROM_RUN/stm32f10x_tim.o
 .ARM.attributes
                0x00000200       0x2d ROM_RUN/stm32f10x_usart.o
 .ARM.attributes
                0x0000022d       0x2d ROM_RUN/stm32f10x_spi.o
 .ARM.attributes
                0x0000025a       0x2d ROM_RUN/stm32f10x_systick.o
 .ARM.attributes
                0x00000287       0x2d ROM_RUN/stm32f10x_it.o
 .ARM.attributes
                0x000002b4       0x2d ROM_RUN/stm32f10x_vector.o
 .ARM.attributes
                0x000002e1       0x2d ROM_RUN/TMC4671-LEV-REF_v1.0.o
 .ARM.attributes
                0x0000030e       0x2d ROM_RUN/CAN.o
 .ARM.attributes
                0x0000033b       0x2d ROM_RUN/SPI.o
 .ARM.attributes
                0x00000368       0x2d ROM_RUN/UART.o
 .ARM.attributes
                0x00000395       0x2d ROM_RUN/Eeprom.o
 .ARM.attributes
                0x000003c2       0x2d ROM_RUN/LIS2DH12.o
 .ARM.attributes
                0x000003ef       0x2d ROM_RUN/Cpu.o
 .ARM.attributes
                0x0000041c       0x2d ROM_RUN/IO.o
 .ARM.attributes
                0x00000449       0x2d ROM_RUN/SystemInfo.o
 .ARM.attributes
                0x00000476       0x2d ROM_RUN/Systick.o
 .ARM.attributes
                0x000004a3       0x2d ROM_RUN/Flags.o
 .ARM.attributes
                0x000004d0       0x2d ROM_RUN/Debug.o
 .ARM.attributes
                0x000004fd       0x2d ROM_RUN/TMCL.o
 .ARM.attributes
                0x0000052a       0x2d ROM_RUN/BLDC.o
 .ARM.attributes
                0x00000557       0x2d ROM_RUN/Sensor.o
 .ARM.attributes
                0x00000584       0x2d ROM_RUN/Button.o
 .ARM.attributes
                0x000005b1       0x2d ROM_RUN/Led.o
 .ARM.attributes
                0x000005de       0x2d ROM_RUN/LedRear.o
 .ARM.attributes
                0x0000060b       0x2d ROM_RUN/main.o
 .ARM.attributes
                0x00000638       0x2d ROM_RUN/Functions.o
 .ARM.attributes
                0x00000665       0x2d ROM_RUN/LinearRamp.o
 .ARM.attributes
                0x00000692       0x2d ROM_RUN/TMC4671.o
 .ARM.attributes
                0x000006bf       0x2d ROM_RUN/TMC6200.o
 .ARM.attributes
                0x000006ec       0x2d c:/program files (x86)/gnu arm embedded toolchain/10 2021.10/bin/../lib/gcc/arm-none-eabi/10.3.1/../../../../arm-none-eabi/lib/thumb/v7-m/nofp\libc_nano.a(lib_a-impure.o)
 .ARM.attributes
                0x00000719       0x2d c:/program files (x86)/gnu arm embedded toolchain/10 2021.10/bin/../lib/gcc/arm-none-eabi/10.3.1/../../../../arm-none-eabi/lib/thumb/v7-m/nofp\libc_nano.a(lib_a-memcpy-stub.o)
 .ARM.attributes
                0x00000746       0x2d c:/program files (x86)/gnu arm embedded toolchain/10 2021.10/bin/../lib/gcc/arm-none-eabi/10.3.1/../../../../arm-none-eabi/lib/thumb/v7-m/nofp\libc_nano.a(lib_a-memset.o)
 .ARM.attributes
                0x00000773       0x2d c:/program files (x86)/gnu arm embedded toolchain/10 2021.10/bin/../lib/gcc/arm-none-eabi/10.3.1/../../../../arm-none-eabi/lib/thumb/v7-m/nofp\libm.a(lib_a-w_log.o)
 .ARM.attributes
                0x000007a0       0x2d c:/program files (x86)/gnu arm embedded toolchain/10 2021.10/bin/../lib/gcc/arm-none-eabi/10.3.1/../../../../arm-none-eabi/lib/thumb/v7-m/nofp\libm.a(lib_a-e_log.o)
 .ARM.attributes
                0x000007cd       0x2d c:/program files (x86)/gnu arm embedded toolchain/10 2021.10/bin/../lib/gcc/arm-none-eabi/10.3.1/../../../../arm-none-eabi/lib/thumb/v7-m/nofp\libm.a(lib_a-s_nan.o)
 .ARM.attributes
                0x000007fa       0x2d c:/program files (x86)/gnu arm embedded toolchain/10 2021.10/bin/../lib/gcc/arm-none-eabi/10.3.1/../../../../arm-none-eabi/lib/thumb/v7-m/nofp\libc_nano.a(lib_a-errno.o)
 .ARM.attributes
                0x00000827       0x1d c:/program files (x86)/gnu arm embedded toolchain/10 2021.10/bin/../lib/gcc/arm-none-eabi/10.3.1/thumb/v7-m/nofp\libgcc.a(_arm_addsubdf3.o)
 .ARM.attributes
                0x00000844       0x1d c:/program files (x86)/gnu arm embedded toolchain/10 2021.10/bin/../lib/gcc/arm-none-eabi/10.3.1/thumb/v7-m/nofp\libgcc.a(_arm_muldivdf3.o)
 .ARM.attributes
                0x00000861       0x1d c:/program files (x86)/gnu arm embedded toolchain/10 2021.10/bin/../lib/gcc/arm-none-eabi/10.3.1/thumb/v7-m/nofp\libgcc.a(_arm_cmpdf2.o)
 .ARM.attributes
                0x0000087e       0x1d c:/program files (x86)/gnu arm embedded toolchain/10 2021.10/bin/../lib/gcc/arm-none-eabi/10.3.1/thumb/v7-m/nofp\libgcc.a(_arm_unorddf2.o)
 .ARM.attributes
                0x0000089b       0x1d c:/program files (x86)/gnu arm embedded toolchain/10 2021.10/bin/../lib/gcc/arm-none-eabi/10.3.1/thumb/v7-m/nofp\libgcc.a(_arm_truncdfsf2.o)
 .ARM.attributes
                0x000008b8       0x1d c:/program files (x86)/gnu arm embedded toolchain/10 2021.10/bin/../lib/gcc/arm-none-eabi/10.3.1/thumb/v7-m/nofp\libgcc.a(_arm_addsubsf3.o)
 .ARM.attributes
                0x000008d5       0x1d c:/program files (x86)/gnu arm embedded toolchain/10 2021.10/bin/../lib/gcc/arm-none-eabi/10.3.1/thumb/v7-m/nofp\libgcc.a(_arm_cmpsf2.o)
 .ARM.attributes
                0x000008f2       0x1d c:/program files (x86)/gnu arm embedded toolchain/10 2021.10/bin/../lib/gcc/arm-none-eabi/10.3.1/thumb/v7-m/nofp\libgcc.a(_arm_fixsfsi.o)
 .ARM.attributes
                0x0000090f       0x1d c:/program files (x86)/gnu arm embedded toolchain/10 2021.10/bin/../lib/gcc/arm-none-eabi/10.3.1/thumb/v7-m/nofp\libgcc.a(_aeabi_ldivmod.o)
 .ARM.attributes
                0x0000092c       0x2d c:/program files (x86)/gnu arm embedded toolchain/10 2021.10/bin/../lib/gcc/arm-none-eabi/10.3.1/thumb/v7-m/nofp\libgcc.a(_udivmoddi4.o)
 .ARM.attributes
                0x00000959       0x1d c:/program files (x86)/gnu arm embedded toolchain/10 2021.10/bin/../lib/gcc/arm-none-eabi/10.3.1/thumb/v7-m/nofp\libgcc.a(_dvmd_tls.o)

.debug
 *(.debug)

.line
 *(.line)

.debug_srcinfo
 *(.debug_srcinfo)

.debug_sfnames
 *(.debug_sfnames)

.debug_aranges  0x00000000      0x4e8
 *(.debug_aranges)
 .debug_aranges
                0x00000000       0x20 ROM_RUN/cortexm3_macro.o
 .debug_aranges
                0x00000020       0x20 ROM_RUN/stm32f10x_can.o
 .debug_aranges
                0x00000040       0x20 ROM_RUN/stm32f10x_flash.o
 .debug_aranges
                0x00000060       0x20 ROM_RUN/stm32f10x_exti.o
 .debug_aranges
                0x00000080       0x20 ROM_RUN/stm32f10x_adc.o
 .debug_aranges
                0x000000a0       0x20 ROM_RUN/stm32f10x_dma.o
 .debug_aranges
                0x000000c0       0x20 ROM_RUN/stm32f10x_gpio.o
 .debug_aranges
                0x000000e0       0x20 ROM_RUN/stm32f10x_nvic.o
 .debug_aranges
                0x00000100       0x20 ROM_RUN/stm32f10x_pwr.o
 .debug_aranges
                0x00000120       0x20 ROM_RUN/stm32f10x_rcc.o
 .debug_aranges
                0x00000140       0x20 ROM_RUN/stm32f10x_tim.o
 .debug_aranges
                0x00000160       0x20 ROM_RUN/stm32f10x_usart.o
 .debug_aranges
                0x00000180       0x20 ROM_RUN/stm32f10x_spi.o
 .debug_aranges
                0x000001a0       0x20 ROM_RUN/stm32f10x_systick.o
 .debug_aranges
                0x000001c0       0x20 ROM_RUN/stm32f10x_it.o
 .debug_aranges
                0x000001e0       0x20 ROM_RUN/stm32f10x_vector.o
 .debug_aranges
                0x00000200       0x20 ROM_RUN/TMC4671-LEV-REF_v1.0.o
 .debug_aranges
                0x00000220       0x20 ROM_RUN/CAN.o
 .debug_aranges
                0x00000240       0x20 ROM_RUN/SPI.o
 .debug_aranges
                0x00000260       0x20 ROM_RUN/UART.o
 .debug_aranges
                0x00000280       0x20 ROM_RUN/Eeprom.o
 .debug_aranges
                0x000002a0       0x20 ROM_RUN/LIS2DH12.o
 .debug_aranges
                0x000002c0       0x20 ROM_RUN/Cpu.o
 .debug_aranges
                0x000002e0       0x20 ROM_RUN/IO.o
 .debug_aranges
                0x00000300       0x20 ROM_RUN/SystemInfo.o
 .debug_aranges
                0x00000320       0x20 ROM_RUN/Systick.o
 .debug_aranges
                0x00000340       0x20 ROM_RUN/Flags.o
 .debug_aranges
                0x00000360       0x20 ROM_RUN/Debug.o
 .debug_aranges
                0x00000380       0x20 ROM_RUN/TMCL.o
 .debug_aranges
                0x000003a0       0x20 ROM_RUN/BLDC.o
 .debug_aranges
                0x000003c0       0x20 ROM_RUN/Sensor.o
 .debug_aranges
                0x000003e0       0x20 ROM_RUN/Button.o
 .debug_aranges
                0x00000400       0x20 ROM_RUN/Led.o
 .debug_aranges
                0x00000420       0x20 ROM_RUN/LedRear.o
 .debug_aranges
                0x00000440       0x28 ROM_RUN/main.o
 .debug_aranges
                0x00000468       0x20 ROM_RUN/Functions.o
 .debug_aranges
                0x00000488       0x20 ROM_RUN/LinearRamp.o
 .debug_aranges
                0x000004a8       0x20 ROM_RUN/TMC4671.o
 .debug_aranges
                0x000004c8       0x20 ROM_RUN/TMC6200.o

.debug_pubnames
 *(.debug_pubnames)

.debug_info     0x00000000    0x1a20b
 *(.debug_info .gnu.linkonce.wi.*)
 .debug_info    0x00000000       0x26 ROM_RUN/cortexm3_macro.o
 .debug_info    0x00000026      0xda2 ROM_RUN/stm32f10x_can.o
 .debug_info    0x00000dc8      0x190 ROM_RUN/stm32f10x_flash.o
 .debug_info    0x00000f58      0x375 ROM_RUN/stm32f10x_exti.o
 .debug_info    0x000012cd      0xdb8 ROM_RUN/stm32f10x_adc.o
 .debug_info    0x00002085      0x48c ROM_RUN/stm32f10x_dma.o
 .debug_info    0x00002511      0x911 ROM_RUN/stm32f10x_gpio.o
 .debug_info    0x00002e22      0xb70 ROM_RUN/stm32f10x_nvic.o
 .debug_info    0x00003992      0x36b ROM_RUN/stm32f10x_pwr.o
 .debug_info    0x00003cfd      0xa7f ROM_RUN/stm32f10x_rcc.o
 .debug_info    0x0000477c     0x2958 ROM_RUN/stm32f10x_tim.o
 .debug_info    0x000070d4      0xc24 ROM_RUN/stm32f10x_usart.o
 .debug_info    0x00007cf8      0xb14 ROM_RUN/stm32f10x_spi.o
 .debug_info    0x0000880c      0x265 ROM_RUN/stm32f10x_systick.o
 .debug_info    0x00008a71      0x3a9 ROM_RUN/stm32f10x_it.o
 .debug_info    0x00008e1a      0x144 ROM_RUN/stm32f10x_vector.o
 .debug_info    0x00008f5e     0x1c39 ROM_RUN/TMC4671-LEV-REF_v1.0.o
 .debug_info    0x0000ab97      0xb14 ROM_RUN/CAN.o
 .debug_info    0x0000b6ab      0x89b ROM_RUN/SPI.o
 .debug_info    0x0000bf46      0x91d ROM_RUN/UART.o
 .debug_info    0x0000c863      0xd7a ROM_RUN/Eeprom.o
 .debug_info    0x0000d5dd      0xdc8 ROM_RUN/LIS2DH12.o
 .debug_info    0x0000e3a5      0x377 ROM_RUN/Cpu.o
 .debug_info    0x0000e71c      0x12d ROM_RUN/IO.o
 .debug_info    0x0000e849      0x228 ROM_RUN/SystemInfo.o
 .debug_info    0x0000ea71      0x2ab ROM_RUN/Systick.o
 .debug_info    0x0000ed1c      0x2cf ROM_RUN/Flags.o
 .debug_info    0x0000efeb      0x3da ROM_RUN/Debug.o
 .debug_info    0x0000f3c5     0x2a6a ROM_RUN/TMCL.o
 .debug_info    0x00011e2f     0x1eef ROM_RUN/BLDC.o
 .debug_info    0x00013d1e     0x139d ROM_RUN/Sensor.o
 .debug_info    0x000150bb      0xbc2 ROM_RUN/Button.o
 .debug_info    0x00015c7d      0x4b3 ROM_RUN/Led.o
 .debug_info    0x00016130      0x339 ROM_RUN/LedRear.o
 .debug_info    0x00016469      0x920 ROM_RUN/main.o
 .debug_info    0x00016d89      0x25e ROM_RUN/Functions.o
 .debug_info    0x00016fe7      0x396 ROM_RUN/LinearRamp.o
 .debug_info    0x0001737d     0x2bf5 ROM_RUN/TMC4671.o
 .debug_info    0x00019f72      0x299 ROM_RUN/TMC6200.o

.debug_abbrev   0x00000000     0x4add
 *(.debug_abbrev)
 .debug_abbrev  0x00000000       0x14 ROM_RUN/cortexm3_macro.o